
   WARN  Metadata found in doc-comment for class Tests\Feature\GuacamoleLiveIntegrationTest. Metadata in doc-comments is deprecated and will no longer be supported in PHPUnit 12. Update your test code to use attributes instead.

   WARN  Metadata found in doc-comment for class Tests\Feature\GuacamoleTokenRawDiagnosticTest. Metadata in doc-comments is deprecated and will no longer be supported in PHPUnit 12. Update your test code to use attributes instead.

   WARN  Metadata found in doc-comment for class Tests\Feature\OpenGuacamoleConnectionForVMTest. Metadata in doc-comments is deprecated and will no longer be supported in PHPUnit 12. Update your test code to use attributes instead.

   WARN  Metadata found in doc-comment for class Tests\Feature\ProxmoxListRunningVMsTest. Metadata in doc-comments is deprecated and will no longer be supported in PHPUnit 12. Update your test code to use attributes instead.

   WARN  Metadata found in doc-comment for class Tests\Feature\ProxmoxLiveDiagnosticTest. Metadata in doc-comments is deprecated and will no longer be supported in PHPUnit 12. Update your test code to use attributes instead.

   PASS  Tests\Feature\AdminCameraAssignmentTest
  Γ£ô admin can assign caΓÇª 5.35s  
  Γ£ô non admin cannot asΓÇª 0.06s  
  Γ£ô assign camera requiΓÇª 0.05s  
  Γ£ô assign camera requiΓÇª 0.05s  
  Γ£ô admin can unassignΓÇª  0.04s  
  Γ£ô non admin cannot unΓÇª 0.04s  
  Γ£ô admin can bulk assiΓÇª 0.05s  
  Γ£ô bulk assign can unaΓÇª 0.06s  
  Γ£ô bulk assign validatΓÇª 0.10s  
  Γ£ô non admin cannot buΓÇª 0.06s  
  Γ£ô admin camera list iΓÇª 0.06s  

   PASS  Tests\Feature\AdminTrainingPathControllerTest
  Γ£ô admin can view pendΓÇª 0.11s  
  Γ£ô non admin cannot viΓÇª 0.04s  
  Γ£ô guest cannot view pΓÇª 0.03s  
  Γ£ô admin can approve tΓÇª 2.70s  
  Γ£ô non admin cannot apΓÇª 0.05s  
  Γ£ô admin can reject trΓÇª 2.12s  
  Γ£ô non admin cannot reΓÇª 0.05s  
  Γ£ô reject requires feeΓÇª 0.04s  

   PASS  Tests\Feature\Admin\ActivityLogControllerTest
  Γ£ô admin can view actiΓÇª 0.05s  
  Γ£ô admin can list actiΓÇª 0.15s  
  Γ£ô admin can filter acΓÇª 0.06s  
  Γ£ô non admin cannot acΓÇª 0.06s  

   PASS  Tests\Feature\Admin\AdminCameraActivationTest
  Γ£ô admin activate starΓÇª 0.06s  
  Γ£ô admin activate retuΓÇª 0.04s  

   PASS  Tests\Feature\Admin\AdminCameraPageTest
  Γ£ô admin can open cameΓÇª 0.05s  

   PASS  Tests\Feature\Admin\AdminDashboardPageTest
  Γ£ô admin dashboard incΓÇª 0.06s  

   PASS  Tests\Feature\Admin\AdminPayoutControllerTest
  Γ£ô admin can list pendΓÇª 0.04s  
  Γ£ô admin can list payoΓÇª 0.05s  
  Γ£ô non admin cannot liΓÇª 0.04s  
  Γ£ô unauthenticated useΓÇª 0.03s  
  Γ£ô admin can approve pΓÇª 0.03s  
  Γ£ô admin can approve pΓÇª 0.04s  
  Γ£ô approve payout handΓÇª 0.03s  
  Γ£ô admin can reject paΓÇª 0.03s  
  Γ£ô reject payout validΓÇª 0.04s  
  Γ£ô reject payout handlΓÇª 0.04s  
  Γ£ô admin can process pΓÇª 0.05s  
  Γ£ô process payout handΓÇª 0.05s  
  Γ£ô admin can export paΓÇª 0.04s  
  Γ£ô admin can export paΓÇª 0.05s  
  Γ£ô export payouts valiΓÇª 0.05s  
  Γ£ô non admin cannot apΓÇª 0.04s  
  Γ£ô non admin cannot reΓÇª 0.04s  
  Γ£ô non admin cannot prΓÇª 0.05s  
  Γ£ô non admin cannot exΓÇª 0.05s  

   PASS  Tests\Feature\Admin\AdminRefundControllerTest
  Γ£ô admin can list pendΓÇª 0.07s  
  Γ£ô admin can list refuΓÇª 0.04s  
  Γ£ô non admin cannot liΓÇª 0.04s  
  Γ£ô unauthenticated useΓÇª 0.03s  
  Γ£ô admin can approve rΓÇª 0.04s  
  Γ£ô admin can approve rΓÇª 0.04s  
  Γ£ô approve refund handΓÇª 0.04s  
  Γ£ô admin can reject reΓÇª 0.05s  
  Γ£ô reject refund validΓÇª 0.05s  
  Γ£ô reject refund handlΓÇª 0.06s  
  Γ£ô admin can get all rΓÇª 0.06s  
  Γ£ô admin can get all rΓÇª 0.05s  
  Γ£ô admin can get all rΓÇª 0.06s  
  Γ£ô validate admin noteΓÇª 0.05s  
  Γ£ô validate rejectionΓÇª  0.05s  
  Γ£ô non admin cannot apΓÇª 0.05s  
  Γ£ô non admin cannot reΓÇª 0.05s  
  Γ£ô non admin cannot geΓÇª 0.05s  
  Γ£ô refund not found reΓÇª 0.05s  
  Γ£ô refund not found reΓÇª 0.05s  

   PASS  Tests\Feature\Admin\AdminUserControllerTest
  Γ£ô admin can list userΓÇª 0.06s  
  Γ£ô admin can list userΓÇª 0.04s  
  Γ£ô non admin cannot liΓÇª 0.04s  
  Γ£ô unauthenticated useΓÇª 0.04s  
  Γ£ô admin can view userΓÇª 0.05s  
  Γ£ô admin can suspend uΓÇª 0.05s  
  Γ£ô suspend user validaΓÇª 0.04s  
  Γ£ô admin can unsuspendΓÇª 0.04s  
  Γ£ô admin can update usΓÇª 0.04s  
  Γ£ô admin can approve tΓÇª 0.04s  
  Γ£ô admin can revoke teΓÇª 0.04s  
  Γ£ô update role validatΓÇª 0.04s  
  Γ£ô admin can start impΓÇª 0.04s  
  Γ£ô admin can stop impeΓÇª 0.04s  
  Γ£ô stop impersonationΓÇª  0.03s  
  Γ£ô admin can gdpr deleΓÇª 0.03s  
  Γ£ô non admin cannot suΓÇª 0.05s  
  Γ£ô non admin cannot upΓÇª 0.03s  
  Γ£ô non admin cannot gdΓÇª 0.04s  

   PASS  Tests\Feature\Admin\AlertControllerTest
  Γ£ô admin can view alerΓÇª 0.05s  
  Γ£ô admin can list alerΓÇª 0.04s  
  Γ£ô admin can acknowledΓÇª 0.07s  
  Γ£ô non admin cannot acΓÇª 0.07s  

   PASS  Tests\Feature\Admin\MaintenanceControllerTest
  Γ£ô admin can view mainΓÇª 0.12s  
  Γ£ô maintenance page reΓÇª 0.07s  
  Γ£ô non admin cannot acΓÇª 0.08s  
  Γ£ô admin can set usb dΓÇª 0.06s  
  Γ£ô usb device maintenaΓÇª 0.07s  
  Γ£ô usb device maintenaΓÇª 0.06s  
  Γ£ô admin can clear usbΓÇª 0.05s  
  Γ£ô admin can set camerΓÇª 0.06s  
  Γ£ô admin can clear camΓÇª 0.07s  
  Γ£ô admin can update deΓÇª 0.06s  
  Γ£ô admin can update caΓÇª 0.07s  
  Γ£ô description updateΓÇª  0.05s  
  Γ£ô description updateΓÇª  0.06s  
  Γ£ô admin can retrieveΓÇª  0.07s  
  Γ£ô device maintenanceΓÇª  0.04s  
  Γ£ô device maintenanceΓÇª  0.04s  
  Γ£ô device permanent maΓÇª 0.03s  
  Γ£ô non admin cannot seΓÇª 0.05s  
  Γ£ô non admin cannot clΓÇª 0.05s  
  Γ£ô unauthenticated useΓÇª 0.04s  

   PASS  Tests\Feature\Admin\ProxmoxNodeControllerTest
  Γ£ô get vms rejected whΓÇª 0.05s  
  Γ£ô vm actions rejectedΓÇª 0.05s  

   PASS  Tests\Feature\Admin\ProxmoxNodePageTest
  Γ£ô admin nodes page reΓÇª 0.06s  
  Γ£ô admin nodes index rΓÇª 0.07s  
  Γ£ô index skips node stΓÇª 0.06s  
  Γ£ô engineer cannot accΓÇª 0.04s  

   PASS  Tests\Feature\Admin\ProxmoxServerComprehensiveTest
  Γ£ô complete proxmox seΓÇª 0.11s  
  Γ£ô credentials properlΓÇª 0.04s  
  Γ£ô only active serversΓÇª 0.04s  
  Γ£ô server registrationΓÇª 0.05s  

   FAIL  Tests\Feature\Admin\ProxmoxServerControllerTest
  Γ£ô admin can list proxΓÇª 0.05s  
  Γ£ô engineer cannot lisΓÇª 0.04s  
  Γ£ô unauthenticated canΓÇª 0.04s  
  Γ£ô admin can view singΓÇª 0.05s  
  Γ£ô server resource excΓÇª 0.05s  
  Γ£ô admin can registerΓÇª 10.07s  
  Γ£ô credentials encrypΓÇª 10.07s  
  Γ£ô connection testedΓÇª  10.04s  
  Γ£ô rejects invalid creΓÇª 0.04s  
  Γ£ô rejects duplicate sΓÇª 0.05s  
  Γ£ô registration loggeΓÇª 10.05s  
  Γ¿» engineer cannot register server
  Γ¿» admin can update server
  Γ¿» tokens reencryptedΓÇª  0.04s  
  Γ¿» update logged in crΓÇª 0.11s  
  Γ¿» update with empty cΓÇª 0.07s  
  Γ¿» update with same naΓÇª 0.14s  
  Γ¿» admin can delete seΓÇª 0.05s  
  Γ¿» deleting server casΓÇª 0.08s  
  Γ¿» deleting server remΓÇª 0.06s  
  Γ¿» deletion logged inΓÇª  0.06s  
  Γ¿» admin can test connΓÇª 0.13s  
  Γ£ô test endpoint returΓÇª 0.24s  
  Γ£ô test endpoint showsΓÇª 0.06s  
  Γ£ô engineer can get acΓÇª 0.07s  
  Γ£ô active servers endpΓÇª 0.06s  
  Γ£ô unauthenticated canΓÇª 0.04s  
  Γ¿» active servers retuΓÇª 0.10s  
  Γ¿» multi server registΓÇª 0.08s  

   FAIL  Tests\Feature\Admin\ServerInactivationFeatureTest
  Γ¿» admin can inactivatΓÇª 0.07s  
  Γ£ô inactive server doeΓÇª 0.06s  
  Γ£ô api never exposes eΓÇª 0.05s  
  Γ£ô server registratioΓÇª 12.01s  
  Γ£ô inactive server excΓÇª 0.24s  
  Γ£ô resource control coΓÇª 0.17s  

   FAIL  Tests\Feature\ArticleControllerTest
  Γ¿» teacher can view article show page
  Γ¿» teacher can view article show page with no article
  Γ¿» show article returns json when requested
  Γ¿» show article returns null when no article exists
  Γ¿» show article fails for nonexistent training unit
  Γ¿» teacher can create article
  Γ¿» teacher can update existing article
  Γ¿» upsert article validates content is required
  Γ¿» upsert article validates content is array
  Γ¿» upsert article fails for nonexistent training unit
  Γ¿» teacher can delete article
  Γ¿» delete article returns 404 when no article exists
  Γ¿» delete article fails for nonexistent training unit
  Γ¿» student can read article
  Γ¿» read article returns 404 when no article exists
  Γ¿» guest cannot read aΓÇª 0.56s  
  Γ¿» non teacher cannot create article
  Γ£ô non training path oΓÇª 0.07s  
  Γ¿» admin can create arΓÇª 0.05s  
  Γ¿» non training path owner cannot delete article
  Γ¿» admin can delete arΓÇª 0.07s  
  Γ£ô guest cannot accessΓÇª 0.09s  
  Γ¿» article word countΓÇª  0.17s  
  Γ£ô article service isΓÇª  0.11s  

   PASS  Tests\Feature\Auth\AuthEndpointsTest
  Γ£ô register endpointΓÇª  12.48s  
  Γ£ô teacher registratioΓÇª 5.59s  
  Γ£ô register endpoint rΓÇª 3.53s  
  Γ£ô register endpoint rΓÇª 0.79s  
  Γ£ô login endpoint retuΓÇª 1.05s  
  Γ£ô invalid login returΓÇª 0.10s  
  Γ£ô me endpoint returnsΓÇª 0.11s  
  Γ£ô me endpoint requireΓÇª 0.08s  
  Γ£ô logout endpoint invΓÇª 0.81s  

   PASS  Tests\Feature\Auth\AuthenticationTest
  Γ£ô login screen can beΓÇª 0.29s  
  Γ£ô users can authenticΓÇª 1.00s  
  Γ£ô users with two factΓÇª 0.29s  
  Γ£ô users can not autheΓÇª 0.32s  
  Γ£ô users can logout     0.13s  
  Γ£ô users are rate limiΓÇª 0.05s  
  Γ£ô unverified users arΓÇª 0.03s  
  Γ£ô authenticated adminΓÇª 0.03s  
  Γ£ô unapproved teacherΓÇª  0.05s  

   PASS  Tests\Feature\Auth\EmailVerificationTest
  Γ£ô email verificationΓÇª  0.04s  
  Γ£ô email can be verifiΓÇª 0.35s  
  Γ£ô email is not verifiΓÇª 0.05s  
  Γ£ô email is not verifiΓÇª 0.03s  
  Γ£ô verified user is reΓÇª 0.03s  
  Γ£ô already verified usΓÇª 0.06s  

   PASS  Tests\Feature\Auth\EnsureRoleMiddlewareTest
  Γ£ô engineer blocked frΓÇª 0.04s  
  Γ£ô admin allowed on adΓÇª 0.03s  
  Γ£ô unauthenticated useΓÇª 0.03s  

   PASS  Tests\Feature\Auth\GoogleOAuthTest
  Γ£ô redirect to google   0.21s  
  Γ£ô oauth callback rediΓÇª 0.06s  
  Γ£ô oauth callback logsΓÇª 0.03s  
  Γ£ô oauth callback linkΓÇª 0.05s  
  Γ£ô oauth callback handΓÇª 0.03s  
  Γ£ô complete signup witΓÇª 0.28s  
  Γ£ô complete signup witΓÇª 0.25s  
  Γ£ô complete signup faiΓÇª 0.04s  
  Γ£ô complete signup valΓÇª 0.03s  
  Γ£ô handle auth code wiΓÇª 0.05s  
  Γ£ô handle auth code wiΓÇª 0.05s  
  Γ£ô handle auth code liΓÇª 0.06s  
  Γ£ô handle auth code wiΓÇª 0.03s  
  Γ£ô show role selectionΓÇª 0.03s  
  Γ£ô show role selectionΓÇª 0.05s  

   PASS  Tests\Feature\Auth\PasswordConfirmationTest
  Γ£ô confirm password scΓÇª 0.04s  
  Γ£ô password confirmatiΓÇª 0.05s  

   PASS  Tests\Feature\Auth\PasswordResetApiTest
  Γ£ô forgot password alwΓÇª 0.46s  
  Γ£ô reset password withΓÇª 1.11s  
  Γ£ô reset token expiresΓÇª 0.90s  

   PASS  Tests\Feature\Auth\PasswordResetTest
  Γ£ô reset password linkΓÇª 0.03s  
  Γ£ô reset password linkΓÇª 0.26s  
  Γ£ô reset password screΓÇª 0.25s  
  Γ£ô password can be resΓÇª 0.73s  
  Γ£ô password cannot beΓÇª  0.27s  

   PASS  Tests\Feature\Auth\RegistrationTest
  Γ£ô registration screenΓÇª 0.05s  
  Γ£ô new users can regisΓÇª 3.33s  

   PASS  Tests\Feature\Auth\TwoFactorChallengeTest
  Γ£ô two factor challengΓÇª 0.05s  
  Γ£ô two factor challengΓÇª 0.26s  

   PASS  Tests\Feature\Auth\VerificationNotificationTest
  Γ£ô sends verificationΓÇª  0.14s  
  Γ£ô does not send verifΓÇª 0.03s  

   PASS  Tests\Feature\BrowserLogTest
  Γ£ô browser log endpoinΓÇª 0.05s  
  Γ£ô browser log validatΓÇª 0.03s  

   PASS  Tests\Feature\CameraReservationTest
  Γ£ô user can list own rΓÇª 0.06s  
  Γ£ô user can create resΓÇª 0.08s  
  Γ£ô user cannot createΓÇª  0.04s  
  Γ£ô user can cancel ownΓÇª 0.04s  
  Γ£ô user cannot cancelΓÇª  0.07s  
  Γ£ô user can view own rΓÇª 0.05s  
  Γ£ô user can view camerΓÇª 0.13s  
  Γ£ô unauthenticated useΓÇª 0.04s  
  Γ£ô validation rejectsΓÇª  0.03s  
  Γ£ô admin can list cameΓÇª 0.05s  
  Γ£ô admin can list pendΓÇª 0.08s  
  Γ£ô admin can approve rΓÇª 0.06s  
  Γ£ô admin can approve wΓÇª 0.06s  
  Γ£ô admin can reject reΓÇª 0.07s  
  Γ£ô admin cannot approvΓÇª 0.06s  
  Γ£ô admin can create blΓÇª 0.06s  
  Γ£ô admin can cancel thΓÇª 0.08s  
  Γ£ô admin cannot createΓÇª 0.05s  
  Γ£ô admin can view allΓÇª  0.05s  
  Γ£ô admin can filter reΓÇª 0.04s  
  Γ£ô admin can view upcoΓÇª 0.05s  
  Γ£ô admin camera list sΓÇª 0.06s  
  Γ£ô non admin cannot acΓÇª 0.05s  
  Γ£ô reservation effectiΓÇª 0.04s  
  Γ£ô reservation effectiΓÇª 0.05s  
  Γ£ô reservation overlapΓÇª 0.03s  
  Γ£ô camera has active rΓÇª 0.03s  
  Γ£ô camera without actiΓÇª 0.03s  

   PASS  Tests\Feature\CameraStreamingFlowTest
  Γ£ô authenticated userΓÇª  0.08s  
  Γ£ô session camera listΓÇª 0.09s  
  Γ£ô unauthenticated useΓÇª 0.05s  
  Γ£ô user can get resoluΓÇª 0.03s  
  Γ£ô user can change camΓÇª 0.09s  
  Γ£ô user can change camΓÇª 0.06s  
  Γ£ô auto resolution forΓÇª 0.05s  
  Γ£ô resolution change rΓÇª 0.06s  
  Γ£ô manual mode requireΓÇª 0.05s  
  Γ£ô rejects invalid resΓÇª 0.03s  
  Γ£ô other user cannot cΓÇª 0.04s  
  Γ£ô admin can change reΓÇª 0.05s  
  Γ£ô camera resource conΓÇª 0.05s  
  Γ£ô camera model returnΓÇª 0.05s  
  Γ£ô auto resolution retΓÇª 0.05s  
  Γ£ô whep proxy forwardsΓÇª 0.03s  
  Γ£ô whep proxy returnsΓÇª  0.04s  
  Γ£ô whep proxy rejectsΓÇª  0.04s  
  Γ£ô whep proxy rejectsΓÇª  0.06s  

   PASS  Tests\Feature\CheckoutControllerTest
  Γ£ô unauthenticated useΓÇª 0.06s  
  Γ£ô unauthenticated useΓÇª 0.04s  
  Γ£ô user can initiate cΓÇª 0.44s  
  Γ£ô user can enroll inΓÇª  0.04s  
  Γ£ô checkout validatesΓÇª  0.05s  
  Γ£ô checkout validatesΓÇª  0.05s  
  Γ£ô checkout handles doΓÇª 0.03s  
  Γ£ô user can request reΓÇª 0.06s  
  Γ£ô user cannot requestΓÇª 0.06s  
  Γ£ô refund request valiΓÇª 0.06s  
  Γ£ô refund request valiΓÇª 0.05s  
  Γ£ô refund request handΓÇª 0.03s  
  Γ£ô checkout success paΓÇª 0.07s  
  Γ£ô checkout success paΓÇª 0.05s  
  Γ£ô checkout cancelledΓÇª  0.03s  
  Γ£ô checkout cancelledΓÇª  0.04s  
  Γ£ô user can view paymeΓÇª 0.04s  
  Γ£ô payment history reqΓÇª 0.05s  
  Γ£ô user can view refunΓÇª 0.08s  
  Γ£ô refund history requΓÇª 0.05s  
  Γ£ô refund request prevΓÇª 0.05s  
  Γ£ô checkout service isΓÇª 0.05s  
  Γ£ô refund service is cΓÇª 0.05s  
  Γ£ô checkout handles stΓÇª 0.05s  
  Γ£ô success page handleΓÇª 0.04s  
  Γ£ô cancelled page handΓÇª 0.03s  

   PASS  Tests\Feature\Commands\CameraHealthCheckCommandTest
  Γ£ô it recovers an actiΓÇª 0.60s  
  Γ£ô it marks missing usΓÇª 0.03s  
  Γ£ô it removes orphan sΓÇª 0.05s  

   PASS  Tests\Feature\Commands\ExpireSessionsCommandTest
  Γ£ô expires overdue actΓÇª 0.06s  
  Γ£ô does not expire futΓÇª 0.03s  
  Γ£ô does not expire alrΓÇª 0.05s  
  Γ£ô dry run does not diΓÇª 0.07s  
  Γ£ô handles multiple ovΓÇª 0.05s  

   FAIL  Tests\Feature\ConnectionPreferencesTest
  Γ£ô user gets empty proΓÇª 0.04s  
  Γ£ô user gets all savedΓÇª 0.06s  
  Γ£ô unauthenticated useΓÇª 0.04s  
  Γ£ô user gets profilesΓÇª  0.06s  
  Γ£ô invalid protocol reΓÇª 0.03s  
  Γ¿» user can create proΓÇª 0.04s  
  Γ¿» cannot create dupliΓÇª 0.06s  
  Γ¿» user can update proΓÇª 0.03s  
  Γ¿» user can save and rΓÇª 0.04s  
  Γ£ô update rejects legaΓÇª 0.04s  
  Γ¿» update nonexistentΓÇª  0.05s  
  Γ£ô update validates poΓÇª 0.03s  
  Γ£ô update validates diΓÇª 0.05s  
  Γ£ô update rejects invaΓÇª 0.05s  
  Γ¿» user can delete proΓÇª 0.04s  
  Γ¿» delete nonexistentΓÇª  0.05s  
  Γ¿» user can set profilΓÇª 0.04s  
  Γ¿» profiles are scopedΓÇª 0.05s  

   PASS  Tests\Feature\CspHeadersTest
  Γ£ô csp allows youtubeΓÇª  0.05s  

   PASS  Tests\Feature\DashboardTest
  Γ£ô guests are redirectΓÇª 0.03s  
  Γ£ô engineers can visitΓÇª 0.04s  
  Γ£ô admins can visit thΓÇª 0.05s  

   PASS  Tests\Feature\Database\SchemaTest
  Γ£ô users table has rolΓÇª 0.05s  
  Γ£ô password reset tokeΓÇª 0.03s  

   FAIL  Tests\Feature\Database\US06MigrationTest
  Γ£ô proxmox nodes tableΓÇª 0.04s  
  Γ£ô vm templates tableΓÇª  0.02s  
  Γ£ô vm sessions table eΓÇª 0.04s  
  Γ£ô proxmox nodes has rΓÇª 0.05s  
  Γ£ô vm sessions has reqΓÇª 0.05s  
  Γ£ô proxmox node factorΓÇª 0.05s  
  Γ£ô vm session factoryΓÇª  0.05s  
  Γ£ô vm session belongsΓÇª  0.05s  
  Γ£ô vm session belongsΓÇª  0.05s  
  Γ£ô deleting node cascaΓÇª 0.05s  
  Γ£ô proxmox node statusΓÇª 0.03s  
  Γ£ô vm session status eΓÇª 0.05s  
  Γ£ô seeder creates proxΓÇª 2.71s  
  Γ¿» seeder creates vm sΓÇª 2.44s  

   FAIL  Tests\Feature\ExampleTest
  Γ¿» admin users can vieΓÇª 0.17s  
  Γ¿» engineers are redirΓÇª 0.95s  

   FAIL  Tests\Feature\ForumControllerTest
  Γ¿» authenticated user can create thread
  Γ¿» unauthenticated user cannot create thread
  Γ¿» thread creation validates required fields
  Γ¿» authenticated user can reply to thread
  Γ¿» user can reply to existing reply
  Γ¿» reply creation validates content
  Γ¿» user can upvote thread
  Γ¿» user can toggle thread upvote
  Γ¿» user can upvote reply
  Γ¿» user can list threads for training unit
  Γ¿» user can list threads for training path
  Γ¿» user can view single thread with replies
  Γ¿» guest can view public thread detail page
  Γ¿» teacher can pin thread in their training path
  Γ¿» teacher can lock thread in their training path
  Γ¿» teacher can unlock thread in their training path
  Γ¿» teacher can unpin thread in their training path
  Γ¿» teacher can resolveΓÇª 0.04s  
  Γ¿» teacher can mark reΓÇª 0.04s  
  Γ¿» student cannot perform teacher actions
  Γ¿» teacher can access teacher inbox
  Γ¿» admin can view flagΓÇª 0.07s  
  Γ¿» admin can unflag thΓÇª 0.21s  
  Γ¿» admin can view flagΓÇª 0.12s  
  Γ¿» admin can unflag reΓÇª 0.08s  
  Γ£ô student cannot acceΓÇª 0.11s  
  Γ¿» user can flag inappΓÇª 0.05s  
  Γ¿» user can flag inappΓÇª 0.04s  
  Γ¿» author can delete oΓÇª 0.11s  
  Γ¿» author can delete oΓÇª 0.05s  
  Γ¿» user cannot deleteΓÇª  0.04s  
  Γ¿» teacher can delete any content in their training path
  Γ¿» returns 404 for nonΓÇª 0.07s  
  Γ£ô returns 404 for nonΓÇª 0.08s  
  Γ¿» service methods are called correctly

   WARN  Tests\Feature\GuacamoleLiveIntegrationTest
  - real client is resolved from container ΓåÆ GUACAMOLE_LIVE_TEST not enabled
  - get data source returns resolved name from server ΓåÆ GUACAMOLE_LIVE_TEST not enabled
  - rdp connection lifecycle create get token delete ΓåÆ GUACAMOLE_LIVE_TEST not enabled
  - vnc connection lifecycle create get token delete ΓåÆ GUACAMOLE_LIVE_TEST not enabled
  - ssh connection lifecycle create get token delete ΓåÆ GUACAMOLE_LIVE_TEST not enabled
  - viewer url client id is correctly formed ΓåÆ GUACAMOLE_LIVE_TEST not enabled
  - delete nonexistent connection throws exception ΓåÆ GUACAMOLE_LIVE_TEST not enabled

   FAIL  Tests\Feature\GuacamoleTokenControllerTest
  Γ£ô user can get tokenΓÇª  0.10s  
  Γ¿» returns 403 for nonΓÇª 0.05s  
  Γ£ô returns 422 for penΓÇª 0.08s  
  Γ£ô returns 422 for faiΓÇª 0.06s  
  Γ¿» returns 422 for expΓÇª 0.05s  
  Γ£ô rate limit 10 requeΓÇª 0.13s  
  Γ£ô requires authenticaΓÇª 0.08s  

   WARN  Tests\Feature\GuacamoleTokenRawDiagnosticTest
  - post tokens shows raw response ΓåÆ GUACAMOLE_LIVE_TEST not enabled

   WARN  Tests\Feature\GuacamoleTunnelIntegrationTest
  - websocket tunnel uΓÇª 10.06s  
  - handshake with sampΓÇª 2.04s  

   PASS  Tests\Feature\HardwareCameraRegistrationTest
  Γ£ô engineer can converΓÇª 0.07s  
  Γ£ô engineer can manageΓÇª 2.09s  
  Γ£ô convert to camera rΓÇª 0.05s  
  Γ£ô gateway refresh remΓÇª 0.04s  
  Γ£ô reconnected usb camΓÇª 0.06s  

   FAIL  Tests\Feature\HardwareGatewayTest
  Γ¿» user can list gatewΓÇª 0.04s  
  Γ¿» user can view hardwΓÇª 0.04s  
  Γ¿» user gets empty lisΓÇª 0.04s  
  Γ£ô unauthenticated useΓÇª 0.04s  
  Γ¿» user can list all dΓÇª 0.04s  
  Γ¿» user can refresh alΓÇª 0.05s  
  Γ¿» refresh node failurΓÇª 0.05s  
  Γ¿» user can check gateΓÇª 0.05s  
  Γ¿» user can bind availΓÇª 0.05s  
  Γ¿» cannot bind alreadyΓÇª 0.04s  
  Γ¿» user can unbind bouΓÇª 0.04s  
  Γ¿» cannot unbind attacΓÇª 0.05s  
  Γ¿» unbind is idempotenΓÇª 0.03s  
  Γ¿» bind is idempotentΓÇª  0.03s  
  Γ£ô discover gateways hΓÇª 0.05s  
  Γ£ô admin can discoverΓÇª  0.06s  
  Γ¿» user can attach bouΓÇª 0.04s  
  Γ¿» cannot attach availΓÇª 0.04s  
  Γ¿» attach requires vmΓÇª  0.04s  
  Γ¿» user can detach attΓÇª 0.04s  
  Γ¿» cannot detach unattΓÇª 0.05s  
  Γ£ô admin can create gaΓÇª 0.04s  
  Γ£ô non admin cannot crΓÇª 0.05s  
  Γ£ô create node validatΓÇª 0.06s  
  Γ£ô admin can delete gaΓÇª 0.05s  
  Γ£ô non admin cannot deΓÇª 0.04s  
  Γ£ô deleting node cascaΓÇª 0.06s  
  Γ¿» bind handles gatewaΓÇª 0.03s  
  Γ¿» refresh marks nodeΓÇª  0.06s  

   FAIL  Tests\Feature\NotificationControllerTest
  Γ£ô unauthenticated useΓÇª 0.04s  
  Γ£ô unauthenticated useΓÇª 0.05s  
  Γ£ô user can get theirΓÇª  0.06s  
  Γ£ô user can filter unrΓÇª 0.06s  
  Γ£ô user can get recentΓÇª 0.03s  
  Γ¿» recent notifications respects limit
  Γ¿» user can get unread count
  Γ¿» unread count returnΓÇª 0.07s  
  Γ¿» user can mark notifΓÇª 0.05s  
  Γ¿» user cannot mark otΓÇª 0.03s  
  Γ¿» returns 404 for nonΓÇª 0.05s  
  Γ¿» user can mark multiΓÇª 0.04s  
  Γ£ô mark many validatesΓÇª 0.03s  
  Γ¿» mark many validatesΓÇª 0.04s  
  Γ¿» user can mark all nΓÇª 0.06s  
  Γ¿» mark all returns zeΓÇª 0.05s  
  Γ¿» user can delete theΓÇª 0.03s  
  Γ¿» user cannot deleteΓÇª  0.04s  
  Γ¿» delete returns 404ΓÇª  0.06s  
  Γ¿» notifications are pΓÇª 0.05s  
  Γ¿» per page is limitedΓÇª 0.04s  
  Γ¿» service methods areΓÇª 0.04s  
  Γ¿» mark as read callsΓÇª  0.04s  
  Γ¿» notification responΓÇª 0.04s  
  Γ¿» json and inertia reΓÇª 0.05s  

   WARN  Tests\Feature\OpenGuacamoleConnectionForVMTest
  - create connection and return viewer url for local node 1 vmid 100 ΓåÆ GUACAMOLE_LIVE_TEST not enabled
  - create connection with rdp encryption mode ΓåÆ GUACAMOLE_LIVE_TEST not enabled

   WARN  Tests\Feature\ProxmoxListRunningVMsTest
  - list running vms with ips from all prox servers ΓåÆ PROXMOX_LIVE_TEST not enabled

   WARN  Tests\Feature\ProxmoxLiveDiagnosticTest
  - authenticate and list nodes using docs prox md ΓåÆ PROXMOX_LIVE_TEST not enabled

   PASS  Tests\Feature\ProxmoxServerBackfillCommandTest
  Γ£ô backfill creates deΓÇª 0.05s  
  Γ£ô backfill links orphΓÇª 0.04s  
  Γ£ô backfill skips if sΓÇª 0.07s  
  Γ£ô backfill fails withΓÇª 0.03s  

   FAIL  Tests\Feature\QuizControllerTest
  Γ¿» teacher can view quΓÇª 0.16s  
  Γ¿» teacher can view quΓÇª 0.59s  
  Γ¿» teacher can createΓÇª  0.06s  
  Γ£ô cannot create quizΓÇª  0.06s  
  Γ£ô teacher can updateΓÇª  0.09s  
  Γ£ô teacher can deleteΓÇª  0.09s  
  Γ£ô teacher can publishΓÇª 0.08s  
  Γ¿» teacher can unpublish quiz
  Γ£ô cannot publish quizΓÇª 0.04s  
  Γ£ô teacher can add queΓÇª 0.05s  
  Γ£ô teacher can updateΓÇª  0.05s  
  Γ£ô teacher can deleteΓÇª  0.06s  
  Γ¿» teacher can reorder questions
  Γ£ô student can view puΓÇª 0.08s  
  Γ¿» student cannot view unpublished quiz
  Γ£ô student can start qΓÇª 0.05s  
  Γ£ô student can submitΓÇª  0.08s  
  Γ£ô student can view atΓÇª 0.08s  
  Γ£ô student can view spΓÇª 0.07s  
  Γ£ô student cannot viewΓÇª 0.11s  
  Γ£ô student cannot exceΓÇª 0.07s  
  Γ£ô teacher can view quΓÇª 0.05s  
  Γ£ô non training path oΓÇª 0.08s  
  Γ£ô admin can manage anΓÇª 0.24s  
  Γ£ô guest cannot accessΓÇª 0.07s  
  Γ£ô create quiz validatΓÇª 0.04s  
  Γ£ô create question valΓÇª 0.09s  
  Γ£ô quiz creation validΓÇª 0.06s  
  Γ£ô quiz service is calΓÇª 0.06s  
  Γ£ô question service isΓÇª 0.06s  

   PASS  Tests\Feature\SearchControllerTest
  Γ£ô search endpoint retΓÇª 0.07s  
  Γ£ô search page rendersΓÇª 0.05s  
  Γ£ô search requires queΓÇª 0.05s  
  Γ£ô search validates quΓÇª 0.05s  
  Γ£ô search endpoint witΓÇª 0.04s  
  Γ£ô suggest endpoint reΓÇª 0.06s  
  Γ£ô suggest endpoint wiΓÇª 0.03s  
  Γ£ô recent searches forΓÇª 0.04s  
  Γ£ô recent searches forΓÇª 0.03s  
  Γ£ô trending searches eΓÇª 0.05s  
  Γ£ô categories endpoint  0.04s  
  Γ£ô by category endpoinΓÇª 0.05s  
  Γ£ô by category page reΓÇª 0.03s  
  Γ£ô by category endpoinΓÇª 0.05s  

   PASS  Tests\Feature\Security\ArticleIdorTest
  Γ£ô teacher cannot creaΓÇª 0.06s  
  Γ£ô teacher can createΓÇª  0.04s  
  Γ£ô teacher cannot updaΓÇª 0.06s  
  Γ£ô teacher cannot deleΓÇª 0.03s  
  Γ£ô teacher can deleteΓÇª  0.06s  
  Γ£ô admin can edit anyΓÇª  0.06s  
  Γ£ô unauthenticated useΓÇª 0.05s  
  Γ£ô non teacher cannotΓÇª  0.05s  

   PASS  Tests\Feature\Security\CheckoutIdorTest
  Γ£ô user cannot requestΓÇª 0.06s  
  Γ£ô user can request reΓÇª 0.06s  
  Γ£ô user cannot accessΓÇª  0.03s  
  Γ£ô unauthenticated useΓÇª 0.03s  

   FAIL  Tests\Feature\Security\ConnectionPreferencesIdorTest
  Γ¿» user cannot deleteΓÇª  0.06s  
  Γ¿» user can delete ownΓÇª 0.05s  
  Γ¿» user cannot updateΓÇª  0.07s  
  Γ¿» user cannot set anoΓÇª 0.05s  
  Γ£ô user cannot view anΓÇª 0.04s  
  Γ£ô unauthenticated useΓÇª 0.04s  

   PASS  Tests\Feature\Security\NotificationIdorTest
  Γ£ô user cannot deleteΓÇª  0.04s  
  Γ£ô user can delete ownΓÇª 0.05s  
  Γ£ô user cannot mark anΓÇª 0.04s  
  Γ£ô user can mark own nΓÇª 0.06s  
  Γ£ô user cannot deleteΓÇª  0.04s  
  Γ£ô unauthenticated useΓÇª 0.04s  

   PASS  Tests\Feature\SessionCameraTest
  Γ£ô user can list camerΓÇª 0.07s  
  Γ£ô unauthenticated useΓÇª 0.06s  
  Γ£ô user cannot list caΓÇª 0.05s  
  Γ£ô user can acquire ptΓÇª 0.05s  
  Γ£ô cannot acquire contΓÇª 0.04s  
  Γ£ô cannot acquire contΓÇª 0.04s  
  Γ£ô acquiring control wΓÇª 0.06s  
  Γ£ô user can release ptΓÇª 0.05s  
  Γ£ô release control wheΓÇª 0.05s  
  Γ£ô user can move contΓÇª 20.17s  
  Γ£ô cannot move cameraΓÇª  0.06s  
  Γ£ô cannot move non ptzΓÇª 0.05s  
  Γ£ô move validates direΓÇª 0.09s  
  Γ£ô user can get singleΓÇª 0.04s  

   PASS  Tests\Feature\SessionCameraVmScopeTest
  Γ£ô user sees assignedΓÇª  0.05s  
  Γ£ô unassigned camerasΓÇª  0.06s  
  Γ£ô users with differenΓÇª 0.04s  
  Γ£ô multiple users on sΓÇª 0.06s  
  Γ£ô session without vmΓÇª  0.07s  
  Γ£ô unassigned camerasΓÇª  0.04s  
  Γ£ô camera service retuΓÇª 0.03s  
  Γ£ô camera scope for vmΓÇª 0.03s  
  Γ£ô camera scope unassiΓÇª 0.03s  
  Γ£ô camera is assignedΓÇª  0.03s  
  Γ£ô camera assign and uΓÇª 0.04s  

   FAIL  Tests\Feature\SessionExtensionTerminationTest
  Γ£ô authenticated userΓÇª  0.05s  
  Γ£ô extend uses defaultΓÇª 0.04s  
  Γ£ô extend fails with iΓÇª 0.04s  
  Γ£ô extend fails if quoΓÇª 0.04s  
  Γ£ô extend does not disΓÇª 0.06s  
  Γ£ô unauthenticated useΓÇª 0.06s  
  Γ£ô expiring overdue seΓÇª 0.05s  
  Γ£ô user cannot extendΓÇª  0.04s  
  Γ£ô authenticated userΓÇª  0.04s  
  Γ£ô terminate with stopΓÇª 0.08s  
  Γ£ô terminate with stopΓÇª 0.05s  
  Γ£ô terminate acceptsΓÇª  37.10s  
  Γ£ô unauthenticated useΓÇª 0.05s  
  Γ£ô user cannot terminaΓÇª 0.03s  
  Γ£ô session creation faΓÇª 0.05s  
  Γ£ô session creation faΓÇª 0.06s  
  Γ¿» default duration usΓÇª 0.06s  
  Γ¿» full session lifecyΓÇª 0.07s  
  Γ¿» full session lifecyΓÇª 0.07s  

   FAIL  Tests\Feature\SessionHardwareTest
  Γ£ô user can get sessioΓÇª 0.05s  
  Γ£ô user cannot accessΓÇª  0.05s  
  Γ¿» user can attach avaΓÇª 1.07s  
  Γ£ô user cannot attachΓÇª  0.07s  
  Γ£ô user can detach theΓÇª 0.05s  
  Γ£ô user can join queueΓÇª 0.06s  
  Γ£ô user cannot join quΓÇª 0.05s  
  Γ£ô user can leave queuΓÇª 0.05s  

   PASS  Tests\Feature\SessionPageTest
  Γ£ô session page renderΓÇª 0.07s  

   PASS  Tests\Feature\Settings\PasswordUpdateTest
  Γ£ô password update pagΓÇª 0.04s  
  Γ£ô password can be updΓÇª 0.67s  
  Γ£ô correct password muΓÇª 0.26s  

   PASS  Tests\Feature\Settings\ProfileUpdateTest
  Γ£ô profile page is disΓÇª 0.04s  
  Γ£ô profile informationΓÇª 0.05s  
  Γ£ô email verificationΓÇª  0.05s  
  Γ£ô user can delete theΓÇª 0.24s  
  Γ£ô correct password muΓÇª 0.25s  

   PASS  Tests\Feature\Settings\TwoFactorAuthenticationTest
  Γ£ô two factor settingsΓÇª 0.06s  
  Γ£ô two factor settingsΓÇª 0.06s  
  Γ£ô two factor settingsΓÇª 0.05s  
  Γ£ô two factor settingsΓÇª 0.05s  

   PASS  Tests\Feature\TeacherAnalyticsControllerTest
  Γ£ô teacher can accessΓÇª  0.04s  
  Γ£ô teacher can get kpiΓÇª 0.05s  
  Γ£ô teacher can get enrΓÇª 0.03s  
  Γ£ô teacher can get revΓÇª 0.05s  
  Γ£ô teacher can view stΓÇª 0.04s  
  Γ£ô teacher cannot viewΓÇª 0.06s  
  Γ£ô teacher can get comΓÇª 0.05s  
  Γ£ô teacher cannot getΓÇª  0.05s  
  Γ£ô teacher can accessΓÇª  0.05s  
  Γ£ô teacher can exportΓÇª  0.03s  
  Γ£ô teacher can exportΓÇª  0.06s  
  Γ£ô non teacher cannotΓÇª  0.05s  
  Γ£ô non teacher cannotΓÇª  0.05s  
  Γ£ô non teacher cannotΓÇª  0.05s  
  Γ£ô unauthenticated useΓÇª 0.05s  
  Γ£ô analytics defaultsΓÇª  0.06s  

   PASS  Tests\Feature\TeacherApprovalTest
  Γ£ô unapproved teacherΓÇª  0.05s  
  Γ£ô approved teacher isΓÇª 0.05s  
  Γ£ô approved teacher onΓÇª 0.05s  
  Γ£ô non teacher on pendΓÇª 0.05s  

   PASS  Tests\Feature\TeacherPayoutControllerTest
  Γ£ô teacher can view paΓÇª 0.07s  
  Γ£ô teacher can requestΓÇª 0.03s  
  Γ£ô teacher cannot requΓÇª 0.04s  
  Γ£ô non teacher cannotΓÇª  0.05s  

   FAIL  Tests\Feature\TrainingPathControllerTest
  Γ£ô guest can browse apΓÇª 0.07s  
  Γ£ô guest can view apprΓÇª 0.06s  
  Γ£ô guest cannot view dΓÇª 0.06s  
  Γ£ô authenticated userΓÇª  0.04s  
  Γ£ô guest cannot enrollΓÇª 0.06s  
  Γ£ô user cannot enrollΓÇª  0.07s  
  Γ¿» enrolled user can vΓÇª 0.06s  
  Γ£ô non enrolled user cΓÇª 0.04s  
  Γ£ô user can mark trainΓÇª 0.04s  
  Γ£ô guest cannot mark tΓÇª 0.05s  

   PASS  Tests\Feature\TrainingPathReviewTest
  Γ£ô engineer can reviewΓÇª 0.07s  
  Γ£ô engineer cannot revΓÇª 0.05s  
  Γ£ô admin can review unΓÇª 0.05s  

   PASS  Tests\Feature\TrainingUnitVMAssignmentControllerTest
  Γ£ô teacher can view avΓÇª 0.06s  
  Γ£ô teacher can submitΓÇª  0.07s  
  Γ£ô teacher can view thΓÇª 0.06s  
  Γ£ô teacher can view asΓÇª 0.05s  
  Γ£ô teacher can removeΓÇª  0.03s  
  Γ£ô non teacher cannotΓÇª  0.05s  

   PASS  Tests\Feature\UsbDeviceReservationTest
  Γ£ô user can list theirΓÇª 0.07s  
  Γ£ô user cannot see othΓÇª 0.05s  
  Γ£ô user can create resΓÇª 0.04s  
  Γ£ô user cannot createΓÇª  0.06s  
  Γ£ô user can cancel theΓÇª 0.06s  
  Γ£ô user cannot cancelΓÇª  0.05s  
  Γ£ô admin can list pendΓÇª 0.04s  
  Γ£ô non admin cannot acΓÇª 0.06s  
  Γ£ô admin can approve rΓÇª 0.06s  
  Γ£ô admin can reject reΓÇª 0.07s  
  Γ£ô admin can create deΓÇª 0.05s  
